// Jest Snapshot v1, https://goo.gl/fbAQLP

exports[`renders correctly 1`] = `
<div
  className="list-group list-group-flush"
  onKeyDown={[Function]}
>
  Loading
</div>
`;
