// Jest Snapshot v1, https://goo.gl/fbAQLP

exports[`renders correctly 1`] = `
<div>
  <div
    className="mt-3 input-group"
  >
    <input
      aria-label="Search..."
      className="form-control"
      onChange={[Function]}
      placeholder="Search..."
    />
  </div>
  Loading...
</div>
`;
