// Jest Snapshot v1, https://goo.gl/fbAQLP

exports[`renders correctly 1`] = `
<div
  className="card"
>
  <div
    className="card-body"
  >
    <div
      className="d-flex justify-content-between card-title h5"
    >
      <div
        className="text-muted card-subtitle h6"
      >
        Author
      </div>
      <div
        className="text-muted text-right card-subtitle h6"
      >
        Invalid Date
        <br />
        Invalid Date
      </div>
    </div>
    <p
      className="card-text"
    >
      test desc
    </p>
  </div>
</div>
`;
